../Drivers/CMSIS/Include/core_cm4.h:1684:22:__NVIC_EnableIRQ	2
../Drivers/CMSIS/Include/core_cm4.h:1814:22:__NVIC_SetPriority	2
../Core/Src/main.c:84:13:i2c1_init_pb8_pb9	1
../Core/Src/main.c:111:12:i2c1_write_bytes	7
../Core/Src/main.c:139:13:ssd1306_command	1
../Core/Src/main.c:145:13:ssd1306_data	4
../Core/Src/main.c:164:13:ssd1306_init	1
../Core/Src/main.c:193:13:oled_clear	2
../Core/Src/main.c:207:13:oled_set_cursor	1
../Core/Src/main.c:214:13:oled_put_digit	3
../Core/Src/main.c:225:13:oled_put_char_motion	7
../Core/Src/main.c:247:13:oled_print_adc	3
../Core/Src/main.c:260:13:oled_print_motion_flag	3
../Core/Src/main.c:281:13:gpio_all_init	1
../Core/Src/main.c:297:13:adc1_init	1
../Core/Src/main.c:305:17:adc_read_blocking	2
../Core/Src/main.c:317:13:exti0_init	1
../Core/Src/main.c:328:13:tim2_init	1
../Core/Src/main.c:339:13:tim4_init	1
../Core/Src/main.c:350:13:tim2_start_reset	1
../Core/Src/main.c:356:13:tim4_start_reset	1
../Core/Src/main.c:365:13:nvic_init	1
../Core/Src/main.c:380:6:EXTI0_IRQHandler	3
../Core/Src/main.c:402:6:TIM4_IRQHandler	3
../Core/Src/main.c:417:6:TIM2_IRQHandler	2
../Core/Src/main.c:440:5:main	2
